
> sp-planning-secretariat-portal@1.0.0 dev
> vite


  [32m[1mVITE[22m v5.4.21[39m  [2mready in [0m[1m969[22m[2m[0m ms[22m

  [32m➜[39m  [1mLocal[22m:   [36mhttp://localhost:[1m3000[22m/[39m
[2m  [32m➜[39m  [1mNetwork[22m[2m: use [22m[1m--host[22m[2m to expose[22m
[2m7:03:03 AM[22m [36m[1m[vite][22m[39m [32mhmr update [39m[2m/src/features/cms/CMSDashboard.jsx, /src/styles/index.css[22m
[2m7:03:12 AM[22m [36m[1m[vite][22m[39m [32mhmr update [39m[2m/src/features/cms/CMSDashboard.jsx, /src/styles/index.css[22m
[2m7:03:35 AM[22m [36m[1m[vite][22m[39m [32mhmr update [39m[2m/src/features/cms/CMSDashboard.jsx, /src/styles/index.css[22m
[2m7:04:55 AM[22m [36m[1m[vite][22m[39m [32mhmr update [39m[2m/src/features/cms/CMSDashboard.jsx, /src/styles/index.css[22m
[2m7:05:00 AM[22m [36m[1m[vite][22m[39m [32mhmr update [39m[2m/src/features/cms/CMSDashboard.jsx, /src/styles/index.css[22m
[2m7:05:24 AM[22m [36m[1m[vite][22m[39m [32mhmr update [39m[2m/src/features/cms/CMSDashboard.jsx, /src/styles/index.css[22m
[2m8:54:05 AM[22m [36m[1m[vite][22m[39m [32mhmr update [39m[2m/src/features/portal/about/About.jsx, /src/styles/index.css[22m
[2m8:55:15 AM[22m [36m[1m[vite][22m[39m [32mhmr update [39m[2m/src/features/portal/about/About.jsx, /src/styles/index.css[22m
[2m8:56:36 AM[22m [36m[1m[vite][22m[39m [32mhmr update [39m[2m/src/features/portal/about/About.jsx, /src/styles/index.css[22m
[2m8:58:05 AM[22m [36m[1m[vite][22m[39m [32mhmr update [39m[2m/src/features/portal/about/About.css[22m
[2m8:58:39 AM[22m [36m[1m[vite][22m[39m [32mhmr update [39m[2m/src/features/portal/about/About.css[22m
[2m9:00:31 AM[22m [36m[1m[vite][22m[39m [32mhmr update [39m[2m/src/features/portal/about/About.css[22m
[2m9:01:45 AM[22m [36m[1m[vite][22m[39m [32mhmr update [39m[2m/src/features/portal/about/About.jsx, /src/styles/index.css[22m
[2m9:01:54 AM[22m [36m[1m[vite][22m[39m [32mhmr update [39m[2m/src/features/portal/about/About.css[22m
[2m9:02:00 AM[22m [36m[1m[vite][22m[39m [32mhmr update [39m[2m/src/features/portal/about/About.css[22m
[2m9:02:24 AM[22m [36m[1m[vite][22m[39m [32mhmr update [39m[2m/src/features/portal/about/About.css[22m
[2m9:02:31 AM[22m [36m[1m[vite][22m[39m [32mhmr update [39m[2m/src/features/portal/about/About.css[22m
[2m9:02:45 AM[22m [36m[1m[vite][22m[39m [32mhmr update [39m[2m/src/features/portal/about/About.css[22m
[2m9:02:51 AM[22m [36m[1m[vite][22m[39m [32mhmr update [39m[2m/src/features/portal/about/About.css[22m
[2m9:02:56 AM[22m [36m[1m[vite][22m[39m [32mhmr update [39m[2m/src/features/portal/about/About.css[22m
[2m9:03:02 AM[22m [36m[1m[vite][22m[39m [32mhmr update [39m[2m/src/features/portal/about/About.css[22m
[2m9:04:18 AM[22m [36m[1m[vite][22m[39m [32mhmr update [39m[2m/src/features/portal/about/About.css[22m
[2m9:04:30 AM[22m [36m[1m[vite][22m[39m [32mhmr update [39m[2m/src/features/portal/about/About.css[22m
[2m9:04:59 AM[22m [36m[1m[vite][22m[39m [32mhmr update [39m[2m/src/features/portal/about/About.css[22m
[2m9:11:14 AM[22m [36m[1m[vite][22m[39m [32mhmr update [39m[2m/src/features/portal/about/About.jsx, /src/styles/index.css[22m
[2m9:11:18 AM[22m [36m[1m[vite][22m[39m [32mhmr update [39m[2m/src/features/portal/about/About.jsx, /src/styles/index.css[22m
[2m9:14:25 AM[22m [36m[1m[vite][22m[39m [32mhmr update [39m[2m/src/features/portal/home/HomeAboutSecretariat.jsx, /src/styles/index.css[22m
[2m9:17:09 AM[22m [36m[1m[vite][22m[39m [32mhmr update [39m[2m/src/features/portal/home/HomeAboutSecretariat.jsx, /src/styles/index.css[22m
[2m9:25:22 AM[22m [36m[1m[vite][22m[39m [32mhmr update [39m[2m/src/features/portal/home/HomeAboutSecretariat.jsx, /src/styles/index.css[22m
[2m9:36:33 AM[22m [36m[1m[vite][22m[39m [32mhmr update [39m[2m/src/features/portal/about-deputy-secretary/AboutDeputySecretary.jsx, /src/styles/index.css[22m
[2m9:37:15 AM[22m [36m[1m[vite][22m[39m [32mhmr update [39m[2m/src/features/portal/about-deputy-secretary/AboutDeputySecretary.jsx, /src/styles/index.css[22m
[2m9:37:53 AM[22m [36m[1m[vite][22m[39m [32mhmr update [39m[2m/src/features/portal/about-deputy-secretary/AboutDeputySecretary.jsx, /src/styles/index.css[22m
[2m9:38:13 AM[22m [36m[1m[vite][22m[39m [32mhmr update [39m[2m/src/features/portal/about-deputy-secretary/AboutDeputySecretary.jsx, /src/styles/index.css[22m
[2m9:38:51 AM[22m [36m[1m[vite][22m[39m [32mhmr update [39m[2m/src/features/portal/departments/Departments.css[22m
[2m9:39:11 AM[22m [36m[1m[vite][22m[39m [32mhmr update [39m[2m/src/features/portal/about-deputy-secretary/AboutDeputySecretary.jsx, /src/styles/index.css[22m
[2m9:39:19 AM[22m [36m[1m[vite][22m[39m [32mhmr update [39m[2m/src/features/portal/about-deputy-secretary/AboutDeputySecretary.jsx, /src/styles/index.css[22m
[2m10:58:50 AM[22m [36m[1m[vite][22m[39m [32mhmr update [39m[2m/src/features/portal/departments/DepartmentDetail.jsx, /src/styles/index.css[22m
[2m11:02:07 AM[22m [36m[1m[vite][22m[39m [32mhmr update [39m[2m/src/features/portal/departments/DepartmentProfile.jsx, /src/styles/index.css[22m
[2m11:03:12 AM[22m [36m[1m[vite][22m[39m [32mhmr update [39m[2m/src/features/portal/departments/DepartmentDetail.jsx, /src/styles/index.css[22m
[2m11:04:19 AM[22m [36m[1m[vite][22m[39m [32mhmr update [39m[2m/src/features/portal/departments/DepartmentDetail.jsx, /src/styles/index.css[22m
[2m11:04:25 AM[22m [36m[1m[vite][22m[39m [32mhmr update [39m[2m/src/features/portal/departments/DepartmentDetail.jsx, /src/styles/index.css[22m
[2m11:04:31 AM[22m [36m[1m[vite][22m[39m [32mhmr update [39m[2m/src/features/portal/departments/DepartmentDetail.jsx, /src/styles/index.css[22m
[2m11:05:36 AM[22m [36m[1m[vite][22m[39m [32mhmr update [39m[2m/src/features/portal/departments/DepartmentDetail.jsx, /src/styles/index.css[22m
[2m11:05:41 AM[22m [36m[1m[vite][22m[39m [32mhmr update [39m[2m/src/features/portal/departments/DepartmentProfile.jsx, /src/styles/index.css[22m
[2m11:06:06 AM[22m [36m[1m[vite][22m[39m [32mhmr update [39m[2m/src/features/portal/departments/DepartmentDetail.jsx, /src/styles/index.css[22m
[2m11:06:26 AM[22m [36m[1m[vite][22m[39m [32mhmr update [39m[2m/src/features/portal/departments/Departments.jsx, /src/styles/index.css[22m
[2m11:06:49 AM[22m [36m[1m[vite][22m[39m [32mhmr update [39m[2m/src/features/portal/departments/DepartmentDetail.jsx, /src/styles/index.css[22m
[2m11:06:55 AM[22m [36m[1m[vite][22m[39m [32mhmr update [39m[2m/src/features/portal/departments/DepartmentDetail.jsx, /src/styles/index.css[22m
[2m11:07:01 AM[22m [36m[1m[vite][22m[39m [32mhmr update [39m[2m/src/features/portal/departments/DepartmentDetail.jsx, /src/styles/index.css[22m
[2m11:07:07 AM[22m [36m[1m[vite][22m[39m [32mhmr update [39m[2m/src/features/portal/departments/DepartmentDetail.jsx, /src/styles/index.css[22m
[2m11:07:39 AM[22m [36m[1m[vite][22m[39m [32mhmr update [39m[2m/src/features/portal/departments/DepartmentDetail.jsx, /src/styles/index.css[22m
[2m11:10:25 AM[22m [36m[1m[vite][22m[39m [32mhmr update [39m[2m/src/features/portal/departments/DepartmentDetail.jsx, /src/styles/index.css[22m
[2m12:00:49 PM[22m [36m[1m[vite][22m[39m [32mhmr update [39m[2m/src/features/portal/home/HomeDeputySecretaryMessage.jsx, /src/styles/index.css[22m
[2m12:00:59 PM[22m [36m[1m[vite][22m[39m [32mhmr update [39m[2m/src/features/portal/home/HomeDeputySecretaryMessage.jsx, /src/styles/index.css[22m
[2m12:02:04 PM[22m [36m[1m[vite][22m[39m [32mhmr update [39m[2m/src/features/portal/home/HomeDeputySecretaryMessage.jsx, /src/styles/index.css[22m
[2m12:02:13 PM[22m [36m[1m[vite][22m[39m [32mhmr update [39m[2m/src/features/portal/home/HomeDeputySecretaryMessage.jsx, /src/styles/index.css[22m
[2m12:02:19 PM[22m [36m[1m[vite][22m[39m [32mhmr update [39m[2m/src/features/portal/home/HomeDeputySecretaryMessage.jsx, /src/styles/index.css[22m
[2m12:02:31 PM[22m [36m[1m[vite][22m[39m [32mhmr update [39m[2m/src/features/portal/home/HomeDeputySecretaryMessage.jsx, /src/styles/index.css[22m
[2m12:02:39 PM[22m [36m[1m[vite][22m[39m [32mhmr update [39m[2m/src/features/portal/home/HomeDeputySecretaryMessage.jsx, /src/styles/index.css[22m
[2m12:02:44 PM[22m [36m[1m[vite][22m[39m [32mhmr update [39m[2m/src/features/portal/home/HomeDeputySecretaryMessage.jsx, /src/styles/index.css[22m
[2m12:02:51 PM[22m [36m[1m[vite][22m[39m [32mhmr update [39m[2m/src/features/portal/home/HomeDeputySecretaryMessage.jsx, /src/styles/index.css[22m
[2m12:02:52 PM[22m [36m[1m[vite][22m[39m [32mhmr update [39m[2m/src/features/portal/home/HomeDeputySecretaryMessage.jsx, /src/styles/index.css[22m
[2m12:02:59 PM[22m [36m[1m[vite][22m[39m [32mhmr update [39m[2m/src/features/portal/home/HomeDeputySecretaryMessage.jsx, /src/styles/index.css[22m
[2m12:03:06 PM[22m [36m[1m[vite][22m[39m [32mhmr update [39m[2m/src/features/portal/home/HomeDeputySecretaryMessage.jsx, /src/styles/index.css[22m
[2m12:03:13 PM[22m [36m[1m[vite][22m[39m [32mhmr update [39m[2m/src/features/portal/home/HomeDeputySecretaryMessage.jsx, /src/styles/index.css[22m
[2m12:03:17 PM[22m [36m[1m[vite][22m[39m [32mhmr update [39m[2m/src/features/portal/home/HomeDeputySecretaryMessage.jsx, /src/styles/index.css[22m
[2m12:03:19 PM[22m [36m[1m[vite][22m[39m [32mhmr update [39m[2m/src/features/portal/home/HomeDeputySecretaryMessage.jsx, /src/styles/index.css[22m
[2m12:03:25 PM[22m [36m[1m[vite][22m[39m [32mhmr update [39m[2m/src/features/portal/home/HomeDeputySecretaryMessage.jsx, /src/styles/index.css[22m
[2m12:03:35 PM[22m [36m[1m[vite][22m[39m [32mhmr update [39m[2m/src/features/portal/home/HomeDeputySecretaryMessage.jsx, /src/styles/index.css[22m
[2m12:07:52 PM[22m [36m[1m[vite][22m[39m [32mhmr update [39m[2m/src/features/portal/about-deputy-secretary/AboutDeputySecretary.jsx, /src/styles/index.css[22m
[2m12:07:55 PM[22m [36m[1m[vite][22m[39m [32mhmr update [39m[2m/src/features/portal/about-deputy-secretary/AboutDeputySecretary.jsx, /src/styles/index.css[22m
[2m12:08:03 PM[22m [36m[1m[vite][22m[39m [32mhmr update [39m[2m/src/features/portal/about-deputy-secretary/AboutDeputySecretary.jsx, /src/styles/index.css[22m
[2m12:08:07 PM[22m [36m[1m[vite][22m[39m [32mhmr update [39m[2m/src/features/portal/about-deputy-secretary/AboutDeputySecretary.jsx, /src/styles/index.css[22m
[2m12:08:16 PM[22m [36m[1m[vite][22m[39m [32mhmr update [39m[2m/src/features/portal/about-deputy-secretary/AboutDeputySecretary.jsx, /src/styles/index.css[22m
[2m12:08:22 PM[22m [36m[1m[vite][22m[39m [32mhmr update [39m[2m/src/features/portal/about-deputy-secretary/AboutDeputySecretary.jsx, /src/styles/index.css[22m
[2m12:08:28 PM[22m [36m[1m[vite][22m[39m [32mhmr update [39m[2m/src/features/portal/about-deputy-secretary/AboutDeputySecretary.jsx, /src/styles/index.css[22m
[2m12:08:33 PM[22m [36m[1m[vite][22m[39m [32mhmr update [39m[2m/src/features/portal/about-deputy-secretary/AboutDeputySecretary.jsx, /src/styles/index.css[22m
[2m12:08:37 PM[22m [36m[1m[vite][22m[39m [32mhmr update [39m[2m/src/features/portal/about-deputy-secretary/AboutDeputySecretary.jsx, /src/styles/index.css[22m
[2m12:08:39 PM[22m [36m[1m[vite][22m[39m [32mhmr update [39m[2m/src/features/portal/about-deputy-secretary/AboutDeputySecretary.jsx, /src/styles/index.css[22m
[2m12:08:40 PM[22m [36m[1m[vite][22m[39m [32mhmr update [39m[2m/src/features/portal/about-deputy-secretary/AboutDeputySecretary.jsx, /src/styles/index.css[22m
[2m12:09:00 PM[22m [36m[1m[vite][22m[39m [32mhmr update [39m[2m/src/features/portal/about-deputy-secretary/AboutDeputySecretary.jsx, /src/styles/index.css[22m
[2m12:09:03 PM[22m [36m[1m[vite][22m[39m [32mhmr update [39m[2m/src/features/portal/about-deputy-secretary/AboutDeputySecretary.jsx, /src/styles/index.css[22m
[2m12:09:07 PM[22m [36m[1m[vite][22m[39m [32mhmr update [39m[2m/src/features/portal/about-deputy-secretary/AboutDeputySecretary.jsx, /src/styles/index.css[22m
[2m12:09:11 PM[22m [36m[1m[vite][22m[39m [32mhmr update [39m[2m/src/features/portal/about-deputy-secretary/AboutDeputySecretary.jsx, /src/styles/index.css[22m
[2m12:17:19 PM[22m [36m[1m[vite][22m[39m [32mhmr update [39m[2m/src/features/portal/home/HomeDeputySecretaryMessage.jsx, /src/styles/index.css[22m
[2m12:17:26 PM[22m [36m[1m[vite][22m[39m [32mhmr update [39m[2m/src/features/portal/home/HomeDeputySecretaryMessage.jsx, /src/styles/index.css[22m
[2m12:18:17 PM[22m [36m[1m[vite][22m[39m [32mhmr update [39m[2m/src/features/portal/home/HomeDeputySecretaryMessage.jsx, /src/styles/index.css[22m
[2m12:18:49 PM[22m [36m[1m[vite][22m[39m [32mhmr update [39m[2m/src/features/portal/about-deputy-secretary/AboutDeputySecretary.jsx, /src/styles/index.css[22m
[2m12:19:05 PM[22m [36m[1m[vite][22m[39m [32mhmr update [39m[2m/src/features/portal/about-deputy-secretary/AboutDeputySecretary.jsx, /src/styles/index.css[22m
[2m12:19:06 PM[22m [36m[1m[vite][22m[39m [32mhmr update [39m[2m/src/features/portal/about-deputy-secretary/AboutDeputySecretary.jsx, /src/styles/index.css[22m
[2m12:19:39 PM[22m [36m[1m[vite][22m[39m [32mhmr update [39m[2m/src/features/portal/about-deputy-secretary/AboutDeputySecretary.jsx, /src/styles/index.css[22m
[2m12:19:43 PM[22m [36m[1m[vite][22m[39m [32mhmr update [39m[2m/src/features/portal/about-deputy-secretary/AboutDeputySecretary.jsx, /src/styles/index.css[22m
[2m12:19:51 PM[22m [36m[1m[vite][22m[39m [32mhmr update [39m[2m/src/features/portal/about-deputy-secretary/AboutDeputySecretary.jsx, /src/styles/index.css[22m
[2m12:19:54 PM[22m [36m[1m[vite][22m[39m [32mhmr update [39m[2m/src/features/portal/about-deputy-secretary/AboutDeputySecretary.jsx, /src/styles/index.css[22m
[2m12:19:56 PM[22m [36m[1m[vite][22m[39m [32mhmr update [39m[2m/src/features/portal/about-deputy-secretary/AboutDeputySecretary.jsx, /src/styles/index.css[22m
[2m12:20:01 PM[22m [36m[1m[vite][22m[39m [32mhmr update [39m[2m/src/features/portal/about-deputy-secretary/AboutDeputySecretary.jsx, /src/styles/index.css[22m
[2m12:20:03 PM[22m [36m[1m[vite][22m[39m [32mhmr update [39m[2m/src/features/portal/about-deputy-secretary/AboutDeputySecretary.jsx, /src/styles/index.css[22m
[2m12:20:04 PM[22m [36m[1m[vite][22m[39m [32mhmr update [39m[2m/src/features/portal/about-deputy-secretary/AboutDeputySecretary.jsx, /src/styles/index.css[22m
[2m12:20:07 PM[22m [36m[1m[vite][22m[39m [32mhmr update [39m[2m/src/features/portal/about-deputy-secretary/AboutDeputySecretary.jsx, /src/styles/index.css[22m
[2m12:20:14 PM[22m [36m[1m[vite][22m[39m [32mhmr update [39m[2m/src/features/portal/about-deputy-secretary/AboutDeputySecretary.jsx, /src/styles/index.css[22m
[2m12:20:17 PM[22m [36m[1m[vite][22m[39m [32mhmr update [39m[2m/src/features/portal/about-deputy-secretary/AboutDeputySecretary.jsx, /src/styles/index.css[22m
[2m12:20:21 PM[22m [36m[1m[vite][22m[39m [32mhmr update [39m[2m/src/features/portal/about-deputy-secretary/AboutDeputySecretary.jsx, /src/styles/index.css[22m
[2m12:20:35 PM[22m [36m[1m[vite][22m[39m [32mhmr update [39m[2m/src/features/portal/about-deputy-secretary/AboutDeputySecretary.jsx, /src/styles/index.css[22m
[2m12:20:36 PM[22m [36m[1m[vite][22m[39m [32mhmr update [39m[2m/src/features/portal/about-deputy-secretary/AboutDeputySecretary.jsx, /src/styles/index.css[22m
[2m12:20:38 PM[22m [36m[1m[vite][22m[39m [32mhmr update [39m[2m/src/features/portal/about-deputy-secretary/AboutDeputySecretary.jsx, /src/styles/index.css[22m
[2m12:20:41 PM[22m [36m[1m[vite][22m[39m [32mhmr update [39m[2m/src/features/portal/about-deputy-secretary/AboutDeputySecretary.jsx, /src/styles/index.css[22m
[2m12:20:44 PM[22m [36m[1m[vite][22m[39m [32mhmr update [39m[2m/src/features/portal/about-deputy-secretary/AboutDeputySecretary.jsx, /src/styles/index.css[22m
[2m12:20:47 PM[22m [36m[1m[vite][22m[39m [32mhmr update [39m[2m/src/features/portal/about-deputy-secretary/AboutDeputySecretary.jsx, /src/styles/index.css[22m
[2m12:20:51 PM[22m [36m[1m[vite][22m[39m [32mhmr update [39m[2m/src/features/portal/about-deputy-secretary/AboutDeputySecretary.jsx, /src/styles/index.css[22m
[2m12:20:56 PM[22m [36m[1m[vite][22m[39m [32mhmr update [39m[2m/src/features/portal/about-deputy-secretary/AboutDeputySecretary.jsx, /src/styles/index.css[22m
[2m12:21:33 PM[22m [36m[1m[vite][22m[39m [32mhmr update [39m[2m/src/features/portal/about-deputy-secretary/AboutDeputySecretary.jsx, /src/styles/index.css[22m
[2m12:22:08 PM[22m [36m[1m[vite][22m[39m [32mhmr update [39m[2m/src/features/portal/about-deputy-secretary/AboutDeputySecretary.jsx, /src/styles/index.css[22m
[2m12:22:18 PM[22m [36m[1m[vite][22m[39m [32mhmr update [39m[2m/src/features/portal/about-deputy-secretary/AboutDeputySecretary.jsx, /src/styles/index.css[22m
[2m12:22:20 PM[22m [36m[1m[vite][22m[39m [32mhmr update [39m[2m/src/features/portal/about-deputy-secretary/AboutDeputySecretary.jsx, /src/styles/index.css[22m
[2m12:22:26 PM[22m [36m[1m[vite][22m[39m [32mhmr update [39m[2m/src/features/portal/about-deputy-secretary/AboutDeputySecretary.jsx, /src/styles/index.css[22m
[2m12:22:29 PM[22m [36m[1m[vite][22m[39m [32mhmr update [39m[2m/src/features/portal/about-deputy-secretary/AboutDeputySecretary.jsx, /src/styles/index.css[22m
[2m12:22:31 PM[22m [36m[1m[vite][22m[39m [32mhmr update [39m[2m/src/features/portal/about-deputy-secretary/AboutDeputySecretary.jsx, /src/styles/index.css[22m
[2m12:27:00 PM[22m [36m[1m[vite][22m[39m [32mhmr update [39m[2m/src/features/portal/about-deputy-secretary/AboutDeputySecretary.jsx, /src/styles/index.css[22m
[2m12:27:01 PM[22m [36m[1m[vite][22m[39m [32mhmr update [39m[2m/src/features/portal/about-deputy-secretary/AboutDeputySecretary.jsx, /src/styles/index.css[22m
[2m12:27:13 PM[22m [36m[1m[vite][22m[39m [32mhmr update [39m[2m/src/features/portal/about-deputy-secretary/AboutDeputySecretary.jsx, /src/styles/index.css[22m
[2m12:27:28 PM[22m [36m[1m[vite][22m[39m [32mhmr update [39m[2m/src/features/portal/about-deputy-secretary/AboutDeputySecretary.jsx, /src/styles/index.css[22m
[2m12:27:41 PM[22m [36m[1m[vite][22m[39m [32mhmr update [39m[2m/src/features/portal/about-deputy-secretary/AboutDeputySecretary.jsx, /src/styles/index.css[22m
[2m12:28:01 PM[22m [36m[1m[vite][22m[39m [32mhmr update [39m[2m/src/features/portal/about-deputy-secretary/AboutDeputySecretary.jsx, /src/styles/index.css[22m
[2m12:28:50 PM[22m [36m[1m[vite][22m[39m [32mhmr update [39m[2m/src/features/portal/about-deputy-secretary/AboutDeputySecretary.jsx, /src/styles/index.css[22m
[2m12:29:13 PM[22m [36m[1m[vite][22m[39m [32mhmr update [39m[2m/src/features/portal/about-deputy-secretary/AboutDeputySecretary.jsx, /src/styles/index.css[22m
[2m12:29:47 PM[22m [36m[1m[vite][22m[39m [32mhmr update [39m[2m/src/features/portal/about-deputy-secretary/AboutDeputySecretary.jsx, /src/styles/index.css[22m
[2m12:29:49 PM[22m [36m[1m[vite][22m[39m [32mhmr update [39m[2m/src/features/portal/about-deputy-secretary/AboutDeputySecretary.jsx, /src/styles/index.css[22m
[2m12:29:53 PM[22m [36m[1m[vite][22m[39m [32mhmr update [39m[2m/src/features/portal/about-deputy-secretary/AboutDeputySecretary.jsx, /src/styles/index.css[22m
[2m12:30:46 PM[22m [36m[1m[vite][22m[39m [32mhmr update [39m[2m/src/features/portal/about-deputy-secretary/AboutDeputySecretary.jsx, /src/styles/index.css[22m
[2m12:32:56 PM[22m [36m[1m[vite][22m[39m [32mhmr update [39m[2m/src/features/portal/about-deputy-secretary/AboutDeputySecretary.jsx, /src/styles/index.css[22m
[2m12:38:29 PM[22m [36m[1m[vite][22m[39m [32mhmr update [39m[2m/src/features/portal/departments/DepartmentDetail.jsx, /src/styles/index.css[22m
[2m12:40:03 PM[22m [36m[1m[vite][22m[39m [32mhmr update [39m[2m/src/features/portal/departments/DepartmentDetail.jsx, /src/styles/index.css[22m
[2m1:10:59 PM[22m [36m[1m[vite][22m[39m [32mhmr update [39m[2m/src/features/portal/home/HomeEventsAndInstitutes.jsx, /src/styles/index.css[22m
[2m1:11:11 PM[22m [36m[1m[vite][22m[39m [32mhmr update [39m[2m/src/features/portal/home/HomeEventsAndInstitutes.jsx, /src/styles/index.css[22m
[2m1:12:32 PM[22m [36m[1m[vite][22m[39m [32mhmr update [39m[2m/src/features/portal/home/HomeEventsAndInstitutes.jsx, /src/styles/index.css[22m
[2m1:25:36 PM[22m [36m[1m[vite][22m[39m [32mhmr update [39m[2m/src/features/portal/home/HomeEventsAndInstitutes.jsx, /src/styles/index.css[22m
[2m8:25:26 AM[22m [36m[1m[vite][22m[39m [32mhmr update [39m[2m/src/features/portal/home/Home.jsx, /src/styles/index.css[22m
[2m8:25:27 AM[22m [36m[1m[vite][22m[39m [32mhmr update [39m[2m/src/features/portal/home/Home.jsx, /src/styles/index.css[22m
[2m8:25:29 AM[22m [36m[1m[vite][22m[39m [32mhmr update [39m[2m/src/features/portal/home/Home.jsx, /src/styles/index.css[22m
[2m8:25:34 AM[22m [36m[1m[vite][22m[39m [32mhmr update [39m[2m/src/features/portal/home/Home.jsx, /src/styles/index.css[22m
[2m8:25:36 AM[22m [36m[1m[vite][22m[39m [32mhmr update [39m[2m/src/features/portal/home/Home.jsx, /src/styles/index.css[22m
[2m8:25:39 AM[22m [36m[1m[vite][22m[39m [32mhmr update [39m[2m/src/features/portal/home/Home.jsx, /src/styles/index.css[22m
[2m8:25:45 AM[22m [36m[1m[vite][22m[39m [32mhmr update [39m[2m/src/features/portal/home/Home.jsx, /src/styles/index.css[22m
[2m8:26:14 AM[22m [36m[1m[vite][22m[39m [32mhmr update [39m[2m/src/features/portal/home/Home.jsx, /src/styles/index.css[22m
[2m8:26:16 AM[22m [36m[1m[vite][22m[39m [32mhmr update [39m[2m/src/features/portal/home/Home.jsx, /src/styles/index.css[22m
[2m8:26:19 AM[22m [36m[1m[vite][22m[39m [32mhmr update [39m[2m/src/features/portal/home/Home.jsx, /src/styles/index.css[22m
[2m8:26:26 AM[22m [36m[1m[vite][22m[39m [32mhmr update [39m[2m/src/features/portal/home/Home.jsx, /src/styles/index.css[22m
[2m8:26:29 AM[22m [36m[1m[vite][22m[39m [32mhmr update [39m[2m/src/features/portal/home/Home.jsx, /src/styles/index.css[22m
[2m8:26:31 AM[22m [36m[1m[vite][22m[39m [32mhmr update [39m[2m/src/features/portal/home/Home.jsx, /src/styles/index.css[22m
[2m8:26:33 AM[22m [36m[1m[vite][22m[39m [32mhmr update [39m[2m/src/features/portal/home/Home.jsx, /src/styles/index.css[22m
[2m8:26:38 AM[22m [36m[1m[vite][22m[39m [32mhmr update [39m[2m/src/features/portal/home/Home.jsx, /src/styles/index.css[22m
[2m8:26:40 AM[22m [36m[1m[vite][22m[39m [32mhmr update [39m[2m/src/features/portal/home/Home.jsx, /src/styles/index.css[22m
[2m8:26:48 AM[22m [36m[1m[vite][22m[39m [32mhmr update [39m[2m/src/features/portal/home/Home.jsx, /src/styles/index.css[22m
[2m8:26:50 AM[22m [36m[1m[vite][22m[39m [32mhmr update [39m[2m/src/features/portal/home/Home.jsx, /src/styles/index.css[22m
[2m8:26:52 AM[22m [36m[1m[vite][22m[39m [32mhmr update [39m[2m/src/features/portal/home/Home.jsx, /src/styles/index.css[22m
[2m8:26:59 AM[22m [36m[1m[vite][22m[39m [32mhmr update [39m[2m/src/features/portal/home/Home.jsx, /src/styles/index.css[22m
[2m8:27:03 AM[22m [36m[1m[vite][22m[39m [32mhmr update [39m[2m/src/features/portal/home/Home.jsx, /src/styles/index.css[22m
[2m8:27:05 AM[22m [36m[1m[vite][22m[39m [32mhmr update [39m[2m/src/features/portal/home/Home.jsx, /src/styles/index.css[22m
[2m8:28:39 AM[22m [36m[1m[vite][22m[39m [32mhmr update [39m[2m/src/features/portal/home/HomeFAQHighlights.jsx, /src/styles/index.css[22m
[2m8:28:54 AM[22m [36m[1m[vite][22m[39m [32mhmr update [39m[2m/src/features/portal/home/HomeFAQHighlights.jsx, /src/styles/index.css[22m
[2m8:29:01 AM[22m [36m[1m[vite][22m[39m [32mhmr update [39m[2m/src/features/portal/home/Home.jsx, /src/styles/index.css[22m
[2m8:29:07 AM[22m [36m[1m[vite][22m[39m [32mhmr update [39m[2m/src/features/portal/home/HomeFAQHighlights.jsx, /src/styles/index.css[22m
[2m8:30:05 AM[22m [36m[1m[vite][22m[39m [32mhmr update [39m[2m/src/features/portal/home/Home.jsx, /src/styles/index.css[22m
[2m8:30:11 AM[22m [36m[1m[vite][22m[39m [32mhmr update [39m[2m/src/features/portal/home/Home.jsx, /src/styles/index.css[22m
[2m8:30:12 AM[22m [36m[1m[vite][22m[39m [32mhmr update [39m[2m/src/features/portal/home/Home.jsx, /src/styles/index.css[22m
[2m8:32:24 AM[22m [36m[1m[vite][22m[39m [32mhmr update [39m[2m/src/styles/index.css, /src/features/portal/about/About.jsx[22m
[2m8:36:23 AM[22m [36m[1m[vite][22m[39m [32mhmr update [39m[2m/src/styles/index.css, /src/features/portal/about/About.jsx[22m
[2m8:36:34 AM[22m [36m[1m[vite][22m[39m [32mhmr update [39m[2m/src/styles/index.css, /src/features/portal/about/About.jsx[22m
[2m8:37:53 AM[22m [36m[1m[vite][22m[39m [32mhmr update [39m[2m/src/styles/index.css, /src/features/portal/about/About.jsx[22m
[2m8:37:59 AM[22m [36m[1m[vite][22m[39m [32mhmr update [39m[2m/src/styles/index.css, /src/features/portal/about/About.jsx[22m
[2m8:38:03 AM[22m [36m[1m[vite][22m[39m [32mhmr update [39m[2m/src/styles/index.css, /src/features/portal/about/About.jsx[22m
[2m8:38:07 AM[22m [36m[1m[vite][22m[39m [32mhmr update [39m[2m/src/styles/index.css, /src/features/portal/about/About.jsx[22m
[2m8:38:28 AM[22m [36m[1m[vite][22m[39m [32mhmr update [39m[2m/src/styles/index.css, /src/features/portal/about/About.jsx[22m
[2m8:38:35 AM[22m [36m[1m[vite][22m[39m [32mhmr update [39m[2m/src/styles/index.css, /src/features/portal/about/About.jsx[22m
[2m8:38:48 AM[22m [36m[1m[vite][22m[39m [32mhmr update [39m[2m/src/styles/index.css, /src/features/portal/about/About.jsx[22m
[2m8:38:58 AM[22m [36m[1m[vite][22m[39m [32mhmr update [39m[2m/src/styles/index.css, /src/features/portal/about/About.jsx[22m
[2m8:39:41 AM[22m [36m[1m[vite][22m[39m [32mhmr update [39m[2m/src/styles/index.css, /src/features/portal/about/About.jsx[22m
[2m8:43:20 AM[22m [36m[1m[vite][22m[39m [32mhmr update [39m[2m/src/features/portal/departments/DepartmentDetail.jsx, /src/styles/index.css[22m
[2m8:43:44 AM[22m [36m[1m[vite][22m[39m [32mhmr update [39m[2m/src/features/portal/about-deputy-secretary/AboutDeputySecretary.jsx, /src/styles/index.css[22m
[2m8:43:52 AM[22m [36m[1m[vite][22m[39m [32mhmr update [39m[2m/src/features/portal/about-deputy-secretary/AboutDeputySecretary.jsx, /src/styles/index.css[22m
[2m8:43:58 AM[22m [36m[1m[vite][22m[39m [32mhmr update [39m[2m/src/features/portal/about-deputy-secretary/AboutDeputySecretary.jsx, /src/styles/index.css[22m
[2m8:54:47 AM[22m [36m[1m[vite][22m[39m [32mhmr update [39m[2m/src/styles/index.css, /src/features/portal/about/About.jsx[22m
[2m8:55:52 AM[22m [36m[1m[vite][22m[39m [32mhmr update [39m[2m/src/styles/index.css, /src/features/portal/about/About.jsx[22m
[2m8:55:56 AM[22m [36m[1m[vite][22m[39m [32mhmr update [39m[2m/src/styles/index.css, /src/features/portal/about/About.jsx[22m
[2m8:56:10 AM[22m [36m[1m[vite][22m[39m [32mhmr update [39m[2m/src/styles/index.css, /src/features/portal/about/About.jsx[22m
[2m9:01:40 AM[22m [36m[1m[vite][22m[39m [32mhmr update [39m[2m/src/features/portal/about/About.jsx, /src/styles/index.css[22m
[2m9:02:31 AM[22m [36m[1m[vite][22m[39m [32mhmr update [39m[2m/src/features/portal/about/About.jsx, /src/styles/index.css[22m
[2m9:06:18 AM[22m [36m[1m[vite][22m[39m [32mhmr update [39m[2m/src/features/portal/about/About.jsx, /src/styles/index.css[22m
[2m9:07:01 AM[22m [36m[1m[vite][22m[39m [32mhmr update [39m[2m/src/features/portal/about/About.jsx, /src/styles/index.css[22m
[2m9:08:23 AM[22m [36m[1m[vite][22m[39m [32mhmr update [39m[2m/src/features/portal/about/History.jsx, /src/styles/index.css[22m
[2m9:11:19 AM[22m [36m[1m[vite][22m[39m [32mpage reload [39m[2msrc/features/portal/faq/FAQ.jsx[22m
[2m9:11:40 AM[22m [36m[1m[vite][22m[39m [32mpage reload [39m[2msrc/features/portal/faq/FAQ.jsx[22m
[2m9:12:11 AM[22m [36m[1m[vite][22m[39m [32mpage reload [39m[2msrc/features/portal/faq/FAQ.jsx[22m
[2m9:13:02 AM[22m [36m[1m[vite][22m[39m [32mpage reload [39m[2msrc/features/portal/faq/FAQ.jsx[22m
[2m9:13:45 AM[22m [36m[1m[vite][22m[39m [32mhmr update [39m[2m/src/features/portal/home/HomeFAQHighlights.jsx, /src/styles/index.css[22m
[2m9:14:25 AM[22m [36m[1m[vite][22m[39m [32mhmr update [39m[2m/src/features/portal/home/HomeFAQHighlights.jsx, /src/styles/index.css[22m
[2m9:14:40 AM[22m [36m[1m[vite][22m[39m [32mhmr update [39m[2m/src/features/portal/home/HomeFAQHighlights.jsx, /src/styles/index.css[22m
[2m9:14:59 AM[22m [36m[1m[vite][22m[39m [32mhmr update [39m[2m/src/features/portal/home/HomeFAQHighlights.jsx, /src/styles/index.css[22m
[2m9:15:27 AM[22m [36m[1m[vite][22m[39m [32mhmr update [39m[2m/src/features/portal/home/HomeFAQHighlights.jsx, /src/styles/index.css[22m
[2m9:30:45 AM[22m [36m[1m[vite][22m[39m [32mhmr update [39m[2m/src/features/portal/departments/DepartmentDetail.jsx, /src/styles/index.css[22m
[2m9:32:02 AM[22m [36m[1m[vite][22m[39m [32mhmr update [39m[2m/src/features/portal/departments/Departments.jsx, /src/styles/index.css[22m
[2m9:35:10 AM[22m [36m[1m[vite][22m[39m [32mhmr update [39m[2m/src/features/portal/departments/DepartmentProfile.jsx, /src/styles/index.css[22m
[2m9:35:56 AM[22m [36m[1m[vite][22m[39m [32mhmr update [39m[2m/src/features/portal/departments/DepartmentProfile.jsx, /src/styles/index.css[22m
[2m9:36:23 AM[22m [36m[1m[vite][22m[39m [32mhmr update [39m[2m/src/features/portal/departments/DepartmentProfile.jsx, /src/styles/index.css[22m
[2m9:39:25 AM[22m [36m[1m[vite][22m[39m [32mhmr update [39m[2m/src/features/portal/departments/DepartmentProfile.jsx, /src/styles/index.css[22m
[2m9:49:20 AM[22m [36m[1m[vite][22m[39m [32mhmr update [39m[2m/src/features/cms/CMSDashboard.jsx, /src/styles/index.css[22m
[2m9:49:56 AM[22m [36m[1m[vite][22m[39m [32mhmr update [39m[2m/src/features/portal/coming-soon/ComingSoonPage.jsx, /src/styles/index.css[22m
[2m9:50:02 AM[22m [36m[1m[vite][22m[39m [32mhmr update [39m[2m/src/features/portal/coming-soon/ComingSoonPage.jsx, /src/styles/index.css[22m
[2m9:50:23 AM[22m [36m[1m[vite][22m[39m [32mhmr update [39m[2m/src/shared/contexts/SitePublishContext.jsx, /src/styles/index.css[22m
[2m9:50:27 AM[22m [36m[1m[vite][22m[39m [32mhmr update [39m[2m/src/shared/contexts/SitePublishContext.jsx, /src/styles/index.css[22m
[2m9:50:34 AM[22m [36m[1m[vite][22m[39m [32mhmr update [39m[2m/src/features/cms/CMSDashboard.jsx, /src/styles/index.css[22m
[2m9:50:40 AM[22m [36m[1m[vite][22m[39m [32mhmr update [39m[2m/src/App.jsx, /src/styles/index.css[22m
[2m10:20:14 AM[22m [36m[1m[vite][22m[39m [32mhmr update [39m[2m/src/shared/contexts/SitePublishContext.jsx, /src/styles/index.css[22m
[2m8:38:09 AM[22m [36m[1m[vite][22m[39m [32mhmr update [39m[2m/src/shared/seo/SeoHead.jsx, /src/styles/index.css[22m
[2m8:39:55 AM[22m [36m[1m[vite][22m[39m [32mhmr update [39m[2m/src/shared/seo/SeoHead.jsx, /src/styles/index.css[22m
[2m8:40:01 AM[22m [36m[1m[vite][22m[39m [32mhmr update [39m[2m/src/shared/seo/SeoHead.jsx, /src/styles/index.css[22m
[2m8:41:12 AM[22m [36m[1m[vite][22m[39m [32mhmr update [39m[2m/src/features/portal/home/Home.jsx, /src/styles/index.css[22m
[2m8:41:19 AM[22m [36m[1m[vite][22m[39m [32mhmr update [39m[2m/src/features/portal/home/Home.jsx, /src/styles/index.css[22m
[2m8:41:33 AM[22m [36m[1m[vite][22m[39m [32mhmr update [39m[2m/src/features/portal/home/Home.jsx, /src/styles/index.css[22m
[2m8:41:44 AM[22m [36m[1m[vite][22m[39m [32mhmr update [39m[2m/src/features/portal/contact/Contact.jsx, /src/styles/index.css[22m
[2m8:41:52 AM[22m [36m[1m[vite][22m[39m [32mhmr update [39m[2m/src/features/portal/contact/Contact.jsx, /src/styles/index.css[22m
[2m8:42:17 AM[22m [36m[1m[vite][22m[39m [32mhmr update [39m[2m/src/features/portal/contact/Contact.jsx, /src/styles/index.css[22m
[2m8:42:24 AM[22m [36m[1m[vite][22m[39m [32mhmr update [39m[2m/src/features/portal/news/News.jsx, /src/styles/index.css[22m
[2m8:42:29 AM[22m [36m[1m[vite][22m[39m [32mhmr update [39m[2m/src/features/portal/news/News.jsx, /src/styles/index.css[22m
[2m8:42:55 AM[22m [36m[1m[vite][22m[39m [32mhmr update [39m[2m/src/features/portal/news/News.jsx, /src/styles/index.css[22m
[2m8:43:17 AM[22m [36m[1m[vite][22m[39m [32mhmr update [39m[2m/src/features/portal/documents/Documents.jsx, /src/styles/index.css[22m
[2m8:43:23 AM[22m [36m[1m[vite][22m[39m [32mhmr update [39m[2m/src/features/portal/documents/Documents.jsx, /src/styles/index.css[22m
[2m8:43:29 AM[22m [36m[1m[vite][22m[39m [32mhmr update [39m[2m/src/features/portal/departments/Departments.jsx, /src/styles/index.css[22m
[2m8:43:36 AM[22m [36m[1m[vite][22m[39m [32mhmr update [39m[2m/src/features/portal/departments/Departments.jsx, /src/styles/index.css[22m
[2m8:43:47 AM[22m [36m[1m[vite][22m[39m [32mhmr update [39m[2m/src/features/portal/downloads/Downloads.jsx, /src/styles/index.css[22m
[2m8:43:52 AM[22m [36m[1m[vite][22m[39m [32mhmr update [39m[2m/src/features/portal/downloads/Downloads.jsx, /src/styles/index.css[22m
[2m8:44:05 AM[22m [36m[1m[vite][22m[39m [32mhmr update [39m[2m/src/features/portal/downloads/Downloads.jsx, /src/styles/index.css[22m
[2m8:44:11 AM[22m [36m[1m[vite][22m[39m [32mpage reload [39m[2msrc/features/portal/faq/FAQ.jsx[22m
[2m8:44:16 AM[22m [36m[1m[vite][22m[39m [32mpage reload [39m[2msrc/features/portal/faq/FAQ.jsx[22m
[2m8:44:21 AM[22m [36m[1m[vite][22m[39m [32mpage reload [39m[2msrc/features/portal/faq/FAQ.jsx[22m
[2m8:44:58 AM[22m [36m[1m[vite][22m[39m [32mhmr update [39m[2m/src/features/portal/terms/TermsAndServices.jsx, /src/styles/index.css[22m
[2m8:45:02 AM[22m [36m[1m[vite][22m[39m [32mhmr update [39m[2m/src/features/portal/terms/TermsAndServices.jsx, /src/styles/index.css[22m
[2m8:45:09 AM[22m [36m[1m[vite][22m[39m [32mhmr update [39m[2m/src/features/portal/not-found/NotFound.jsx, /src/styles/index.css[22m
[2m8:45:15 AM[22m [36m[1m[vite][22m[39m [32mhmr update [39m[2m/src/features/portal/not-found/NotFound.jsx, /src/styles/index.css[22m
[2m8:45:21 AM[22m [36m[1m[vite][22m[39m [32mhmr update [39m[2m/src/features/portal/not-found/NotFound.jsx, /src/styles/index.css[22m
[2m8:45:43 AM[22m [36m[1m[vite][22m[39m [32mhmr update [39m[2m/src/features/portal/about/About.jsx, /src/styles/index.css[22m
[2m8:45:49 AM[22m [36m[1m[vite][22m[39m [32mhmr update [39m[2m/src/features/portal/about/About.jsx, /src/styles/index.css[22m
[2m8:45:55 AM[22m [36m[1m[vite][22m[39m [32mhmr update [39m[2m/src/features/portal/about/About.jsx, /src/styles/index.css[22m
[2m9:09:15 AM[22m [36m[1m[vite][22m[39m [32mpage reload [39m[2msrc/features/portal/tenders/Tenders.jsx[22m
[2m9:10:44 AM[22m [36m[1m[vite][22m[39m [32mhmr update [39m[2m/src/shared/seo/SeoHead.jsx, /src/styles/index.css[22m
[2m9:10:45 AM[22m [36m[1m[vite][22m[39m [32mhmr update [39m[2m/src/shared/seo/SeoHead.jsx, /src/styles/index.css[22m
[2m9:10:59 AM[22m [36m[1m[vite][22m[39m [32mhmr update [39m[2m/src/shared/seo/SeoHead.jsx, /src/styles/index.css[22m
[2m9:10:59 AM[22m [36m[1m[vite][22m[39m [32mpage reload [39m[2msrc/shared/seo/seo-head-template.html[22m
[2m9:11:12 AM[22m [36m[1m[vite][22m[39m [32mpage reload [39m[2msrc/shared/seo/seo-head-template.html[22m
[2m1:15:51 PM[22m [36m[1m[vite][22m[39m [32mhmr update [39m[2m/src/features/portal/home/HomeAboutSecretariat.css[22m
[2m1:15:59 PM[22m [36m[1m[vite][22m[39m [32mhmr update [39m[2m/src/features/portal/home/HomeDeputySecretaryMessage.css[22m
[2m1:16:05 PM[22m [36m[1m[vite][22m[39m [32mhmr update [39m[2m/src/features/portal/landing/LandingPage.jsx, /src/styles/index.css[22m
[2m1:16:11 PM[22m [36m[1m[vite][22m[39m [32mhmr update [39m[2m/src/shared/components/Footer.css[22m
[2m1:16:20 PM[22m [36m[1m[vite][22m[39m [32mhmr update [39m[2m/src/features/portal/home/Home.css[22m
[2m1:16:28 PM[22m [36m[1m[vite][22m[39m [32mhmr update [39m[2m/src/features/portal/home/HomeEventsAndInstitutes.css[22m
[2m1:16:45 PM[22m [36m[1m[vite][22m[39m [32mhmr update [39m[2m/src/features/portal/landing/LandingPage.jsx, /src/styles/index.css[22m
[2m1:16:55 PM[22m [36m[1m[vite][22m[39m [32mhmr update [39m[2m/src/features/portal/landing/LandingPage.jsx, /src/styles/index.css[22m
[2m1:17:03 PM[22m [36m[1m[vite][22m[39m [32mhmr update [39m[2m/src/features/portal/landing/LandingPage.jsx, /src/styles/index.css[22m
[2m1:17:19 PM[22m [36m[1m[vite][22m[39m [32mhmr update [39m[2m/src/features/portal/home/Home.css[22m
[2m1:17:28 PM[22m [36m[1m[vite][22m[39m [32mhmr update [39m[2m/src/features/portal/home/HomeAboutSecretariat.css[22m
[2m1:17:34 PM[22m [36m[1m[vite][22m[39m [32mhmr update [39m[2m/src/features/portal/home/HomeDeputySecretaryMessage.css[22m
[2m1:17:40 PM[22m [36m[1m[vite][22m[39m [32mhmr update [39m[2m/src/features/portal/home/HomeAboutSecretariat.css[22m
[2m1:17:45 PM[22m [36m[1m[vite][22m[39m [32mhmr update [39m[2m/src/features/portal/home/HomeDeputySecretaryMessage.css[22m
[2m1:17:52 PM[22m [36m[1m[vite][22m[39m [32mhmr update [39m[2m/src/features/portal/home/HomeAboutSecretariat.css[22m
[2m1:17:57 PM[22m [36m[1m[vite][22m[39m [32mhmr update [39m[2m/src/features/portal/home/HomeDeputySecretaryMessage.css[22m
[2m1:18:08 PM[22m [36m[1m[vite][22m[39m [32mhmr update [39m[2m/src/styles/index.css[22m
[2m1:52:11 PM[22m [36m[1m[vite][22m[39m [32mhmr update [39m[2m/src/shared/contexts/SitePublishContext.jsx, /src/styles/index.css[22m
[2m1:52:19 PM[22m [36m[1m[vite][22m[39m [32mhmr update [39m[2m/src/features/portal/coming-soon/ComingSoonPage.jsx, /src/styles/index.css[22m
[2m1:52:33 PM[22m [36m[1m[vite][22m[39m [32mhmr update [39m[2m/src/features/portal/coming-soon/ComingSoonPage.jsx, /src/styles/index.css[22m
[2m1:52:43 PM[22m [36m[1m[vite][22m[39m [32mhmr update [39m[2m/src/features/portal/coming-soon/ComingSoonPage.jsx, /src/styles/index.css[22m
[2m1:52:59 PM[22m [36m[1m[vite][22m[39m [32mhmr update [39m[2m/src/features/portal/coming-soon/ComingSoonPage.jsx, /src/styles/index.css[22m
[2m2:02:36 PM[22m [36m[1m[vite][22m[39m [32mhmr update [39m[2m/src/shared/contexts/SitePublishContext.jsx, /src/styles/index.css[22m
[2m2:02:36 PM[22m [36m[1m[vite][22m[39m [32mhmr update [39m[2m/src/features/portal/coming-soon/ComingSoonPage.jsx, /src/styles/index.css[22m
[2m2:03:16 PM[22m [36m[1m[vite][22m[39m [32mhmr update [39m[2m/src/shared/contexts/SitePublishContext.jsx, /src/styles/index.css[22m
[2m8:59:00 AM[22m [36m[1m[vite][22m[39m [32mhmr update [39m[2m/src/features/portal/departments/DepartmentDetail.jsx, /src/styles/index.css[22m
[2m8:59:25 AM[22m [36m[1m[vite][22m[39m [32mhmr update [39m[2m/src/features/portal/departments/DepartmentDetail.jsx, /src/styles/index.css[22m
[2m9:01:02 AM[22m [36m[1m[vite][22m[39m [32mhmr update [39m[2m/src/features/portal/departments/DepartmentDetail.jsx, /src/styles/index.css[22m
[2m9:01:27 AM[22m [36m[1m[vite][22m[39m [32mhmr update [39m[2m/src/features/portal/departments/DepartmentDetail.jsx, /src/styles/index.css[22m
[2m9:02:11 AM[22m [36m[1m[vite][22m[39m [32mhmr update [39m[2m/src/features/portal/departments/Departments.jsx, /src/styles/index.css[22m
[2m9:06:22 AM[22m [36m[1m[vite][22m[39m [32mhmr update [39m[2m/src/features/portal/departments/DepartmentDetail.jsx, /src/styles/index.css[22m
[2m9:09:32 AM[22m [36m[1m[vite][22m[39m [32mhmr update [39m[2m/src/features/portal/departments/DepartmentDetail.jsx, /src/styles/index.css[22m
[2m9:09:32 AM[22m [36m[1m[vite][22m[39m [32mhmr update [39m[2m/src/features/portal/departments/DepartmentDetail.jsx, /src/styles/index.css[22m
[2m9:22:06 AM[22m [36m[1m[vite][22m[39m [32mhmr update [39m[2m/src/features/portal/departments/DepartmentDetail.jsx, /src/styles/index.css[22m
[2m9:22:15 AM[22m [36m[1m[vite][22m[39m [32mhmr update [39m[2m/src/features/portal/departments/DepartmentProfile.jsx, /src/styles/index.css[22m
[2m9:22:22 AM[22m [36m[1m[vite][22m[39m [32mhmr update [39m[2m/src/features/portal/departments/DepartmentProfile.jsx, /src/styles/index.css[22m
[2m9:41:02 AM[22m [36m[1m[vite][22m[39m [32mhmr update [39m[2m/src/features/portal/departments/DepartmentProfile.jsx, /src/styles/index.css[22m
[2m9:43:03 AM[22m [36m[1m[vite][22m[39m [32mhmr update [39m[2m/src/features/portal/departments/DepartmentDetail.jsx, /src/styles/index.css[22m
[2m9:43:07 AM[22m [36m[1m[vite][22m[39m [32mhmr update [39m[2m/src/features/portal/departments/DepartmentProfile.jsx, /src/styles/index.css[22m
[2m9:56:37 AM[22m [36m[1m[vite][22m[39m [32mhmr update [39m[2m/src/features/portal/departments/DepartmentDetail.jsx, /src/styles/index.css[22m
[2m9:56:50 AM[22m [36m[1m[vite][22m[39m [32mhmr update [39m[2m/src/features/portal/departments/DepartmentDetail.jsx, /src/styles/index.css[22m
[2m9:56:58 AM[22m [36m[1m[vite][22m[39m [32mhmr update [39m[2m/src/features/portal/departments/DepartmentDetail.jsx, /src/styles/index.css[22m
[2m10:04:24 AM[22m [36m[1m[vite][22m[39m [32mhmr update [39m[2m/src/features/portal/home/HomeEventsAndInstitutes.css[22m
[2m10:04:35 AM[22m [36m[1m[vite][22m[39m [32mhmr update [39m[2m/src/features/portal/home/HomeEventsAndInstitutes.css[22m
[2m10:23:15 AM[22m [36m[1m[vite][22m[39m [32mhmr update [39m[2m/src/features/portal/home/HomeEventsAndInstitutes.css[22m
[2m10:23:52 AM[22m [36m[1m[vite][22m[39m [32mhmr update [39m[2m/src/features/portal/home/HomeEventsAndInstitutes.css[22m
[2m10:51:00 AM[22m [36m[1m[vite][22m[39m [32mhmr update [39m[2m/src/features/portal/home/HomeEventsAndInstitutes.css[22m
[2m11:32:01 AM[22m [36m[1m[vite][22m[39m [32mhmr update [39m[2m/src/features/portal/home/HomeEventsAndInstitutes.css[22m
[2m11:32:24 AM[22m [36m[1m[vite][22m[39m [32mhmr update [39m[2m/src/features/portal/home/HomeEventsAndInstitutes.css[22m
[2m11:34:37 AM[22m [36m[1m[vite][22m[39m [32mhmr update [39m[2m/src/features/portal/home/HomeEventsAndInstitutes.css[22m
[2m11:34:41 AM[22m [36m[1m[vite][22m[39m [32mhmr update [39m[2m/src/features/portal/home/HomeEventsAndInstitutes.css[22m
[2m11:35:33 AM[22m [36m[1m[vite][22m[39m [32mhmr update [39m[2m/src/features/portal/home/HomeEventsAndInstitutes.css[22m
[2m11:35:37 AM[22m [36m[1m[vite][22m[39m [32mhmr update [39m[2m/src/features/portal/home/HomeEventsAndInstitutes.css[22m
[2m11:35:42 AM[22m [36m[1m[vite][22m[39m [32mhmr update [39m[2m/src/features/portal/home/HomeEventsAndInstitutes.css[22m
[2m12:03:28 PM[22m [36m[1m[vite][22m[39m [32mhmr update [39m[2m/src/features/portal/home/HomeEventsAndInstitutes.css[22m
[2m12:03:33 PM[22m [36m[1m[vite][22m[39m [32mhmr update [39m[2m/src/features/portal/home/HomeEventsAndInstitutes.css[22m
[2m12:03:38 PM[22m [36m[1m[vite][22m[39m [32mhmr update [39m[2m/src/features/portal/home/HomeEventsAndInstitutes.css[22m
[2m12:04:40 PM[22m [36m[1m[vite][22m[39m [32mhmr update [39m[2m/src/features/portal/home/HomeEventsAndInstitutes.css[22m
[2m8:56:21 AM[22m [36m[1m[vite][22m[39m [32mhmr update [39m[2m/src/features/portal/departments/DepartmentProfile.jsx, /src/styles/index.css[22m
[2m8:56:42 AM[22m [36m[1m[vite][22m[39m [32mhmr update [39m[2m/src/features/portal/departments/DepartmentDetail.jsx, /src/styles/index.css[22m
[2m8:57:43 AM[22m [36m[1m[vite][22m[39m [32mhmr update [39m[2m/src/features/portal/departments/DepartmentDetail.jsx, /src/styles/index.css[22m
[2m8:58:30 AM[22m [36m[1m[vite][22m[39m [32mhmr update [39m[2m/src/features/portal/departments/DepartmentDetail.jsx, /src/styles/index.css[22m
[2m8:59:21 AM[22m [36m[1m[vite][22m[39m [32mhmr update [39m[2m/src/features/portal/departments/DepartmentDetail.jsx, /src/styles/index.css[22m
